// Jest Snapshot v1, https://goo.gl/fbAQLP

exports[`renders TextBox 1`] = `
<div
  className="container-0-2-1"
>
  <div
    className="label-0-2-3"
  >
    Confident in your sighting?
     :
  </div>
  <div
    className="inputContainer-0-2-2"
  >
    <input
      className="greenBox-0-2-5"
      onChange={[Function]}
      onFocus={[Function]}
      placeholder="Type here..."
      type="text"
      value="testValue"
    />
  </div>
</div>
`;
